** ====================================================================================== 
**
**             ___________                          _______
**     _______/          /_____ ________ __ _   ___/       \ ____
**    /      /___    ___/      /__   __/  /  \ /  /\__ _   /     \
**   /  //  /   /   /  /  //  /  /  / /  /    /  /___/_   /  //  /
**  /  ___ /   /   /  /  _   /  /  / /  /  /    //       /  //  /
** /__/       /___/  /__//__/  /__/ /__/__/ \__//_______/______/
**
** Authors:  Dave A. May          (dave.may@erdw.ethz.ch)           
**           Laetitia Le Pourhiet (laetitia.le_pourhiet@upmc.fr)    
**
** Repository UUID: 26174531-3d5a-4d31-aba0-7a6658d032cb 
** Revision: 5040 
** Log: r5040 | dmay | 2013-12-17 21:03:16 +0100 (Tue, 17 Dec 2013) | 1 line 
**                                                                       
** TATIN_CFLAGS = -std=gnu99 -O0 -g -Wall -Wno-switch -Wno-unused-function -Wno-incompatible-pointer-types-discards-qualifiers -Wno-tautological-constant-out-of-range-compare -Wno-enum-conversion -Wno-type-safety
**                                                                       
** WARNING pTatin3d appears to have been compiled with debug options 
** For significant performance improvements, please consult the file makefile.arch  
** Adjust TATIN_CFLAGS to include aggressive compiler optimizations 
**                                                                       
** ====================================================================================== 
RheologyConstantsInitialise: global viscosity cut-off, min= 1.000000e-100, max = 1.000000e+100  
[pTatin] Writing output to existing directory: pt3dout 
[pTatin] Created log file: pt3dout/ptatin.log-2014.09.04_16:48:50 
[pTatin] Writing output to existing directory: pt3dout 
[pTatin] Created options file: pt3dout/ptatin.options-2014.09.04_16:48:50 
[pTatin] Created options file: pt3dout/ptatin.options 
  [pTatinModel]: Registering model [0] with name "template"
  [pTatinModel]: Registering model [1] with name "viscous_sinker"
  [pTatinModel]: Registering model [2] with name "Gene3D"
  [pTatinModel]: Registering model [3] with name "Gene3DNueve"
  [pTatinModel]: Registering model [4] with name "indentor"
  [pTatinModel]: Registering model [5] with name "rift3D"
  [pTatinModel]: Registering model [6] with name "rift3D_T"
  [pTatinModel]: Registering model [7] with name "sierra"
  [pTatinModel]: Registering model [8] with name "folding"
  [pTatinModel]: Registering model [9] with name "folding2d"
  [pTatinModel]: Registering model [10] with name "advdiff_example"
  [pTatinModel]: Registering model [11] with name "basin_comp"
  [pTatinModel]: Registering model [12] with name "fault_fold"
  [pTatinModel]: Registering model [13] with name "wrench_fold"
  [pTatinModel]: Registering model [14] with name "delamination"
  [pTatinModel]: Registering model [15] with name "Riftrh"
  [pTatinModel]: Registering model [16] with name "geomod2008"
  [pTatinModel]: Registering model [17] with name "fault_fold_plastic"
  [pTatinModel]: Registering model [18] with name "multilayer_folding"
  [pTatinModel]: Registering model [19] with name "submarinelavaflow"
  [pTatinModel]: Registering model [20] with name "ex_subduction"
  [pTatinModel]: Registering model [21] with name "iplus"
[[pTatinModelRegister_Subduction_Initiation2d]]
  [pTatinModel]: Registering model [22] with name "subduction_initiation2d"
[[pTatinModelRegister_Thermal_Convection2d]]
  [pTatinModel]: Registering model [23] with name "convection2d"
  [pTatinModel]: -ptatin_model "viscous_sinker" was detected
pTatin3dRestart: Required to specify a suffix for your restart file via -restart_prefix
pTatin3dRestart: Unable to restart job
[[ModelInitialize_ViscousSinker]]
BCList: Mem. usage (min,max) = 3.45e+00,3.45e+00 (MB) 
VolumeQuadratureCreate_GaussLegendreStokes:
	Using 3x3 pnt Gauss Legendre quadrature
DataBucketView(SEQ): ("GaussLegendre StokesCoefficients")
  L                  = 110592 
  buffer             = 1 
  allocated          = 110593 
  nfields registered = 1 
    [  0]: field name  ==>>              QPntVolCoefStokes : Mem. usage = 5.31e+00 (MB) 
  Total mem. usage                                                      = 5.31e+00 (MB) 
DataBucketView(SEQ): ("SurfaceGaussLegendre StokesCoefficients[face 0]")
  L                  = 2304 
  buffer             = 1 
  allocated          = 2305 
  nfields registered = 1 
    [  0]: field name  ==>>             QPntSurfCoefStokes : Mem. usage = 2.58e-01 (MB) 
  Total mem. usage                                                      = 2.58e-01 (MB) 
DataBucketView(SEQ): ("SurfaceGaussLegendre StokesCoefficients[face 1]")
  L                  = 2304 
  buffer             = 1 
  allocated          = 2305 
  nfields registered = 1 
    [  0]: field name  ==>>             QPntSurfCoefStokes : Mem. usage = 2.58e-01 (MB) 
  Total mem. usage                                                      = 2.58e-01 (MB) 
DataBucketView(SEQ): ("SurfaceGaussLegendre StokesCoefficients[face 2]")
  L                  = 2304 
  buffer             = 1 
  allocated          = 2305 
  nfields registered = 1 
    [  0]: field name  ==>>             QPntSurfCoefStokes : Mem. usage = 2.58e-01 (MB) 
  Total mem. usage                                                      = 2.58e-01 (MB) 
DataBucketView(SEQ): ("SurfaceGaussLegendre StokesCoefficients[face 3]")
  L                  = 2304 
  buffer             = 1 
  allocated          = 2305 
  nfields registered = 1 
    [  0]: field name  ==>>             QPntSurfCoefStokes : Mem. usage = 2.58e-01 (MB) 
  Total mem. usage                                                      = 2.58e-01 (MB) 
DataBucketView(SEQ): ("SurfaceGaussLegendre StokesCoefficients[face 4]")
  L                  = 2304 
  buffer             = 1 
  allocated          = 2305 
  nfields registered = 1 
    [  0]: field name  ==>>             QPntSurfCoefStokes : Mem. usage = 2.58e-01 (MB) 
  Total mem. usage                                                      = 2.58e-01 (MB) 
DataBucketView(SEQ): ("SurfaceGaussLegendre StokesCoefficients[face 5]")
  L                  = 2304 
  buffer             = 1 
  allocated          = 2305 
  nfields registered = 1 
    [  0]: field name  ==>>             QPntSurfCoefStokes : Mem. usage = 2.58e-01 (MB) 
  Total mem. usage                                                      = 2.58e-01 (MB) 
  MaterialPointsStokes: Using Q1 projection
[[Swarm initialization: 0.0013 (sec)]]
SwarmMPntStd_AssignUniquePointIdentifiers : max_pid = 0 
[[Swarm->coordinate assignment: 32768 points : 0.0109 (sec)]]
************************** Starting _DataExCompleteCommunicationMap ************************** 
max_nnz = 0 
Mat Object: 1 MPI processes
  type: seqaij
  rows=1, cols=1
  total: nonzeros=0, allocated nonzeros=0
  total number of mallocs used during MatSetValues calls =0
    not using I-node routines
************************** Ending _DataExCompleteCommunicationMap [setup time: 8.1134e-04 (sec)] ************************** 
[[SwarmDMDA3dDataExchangerCreate: time = 8.5364e-04 (sec)]]
[[ModelApplyInitialMeshGeometry_ViscousSinker]]
RUNNING DEFORMED MESH EXAMPLE 
[[ViscousSinker_ApplyInitialMaterialGeometry_SingleInclusion]]
[[ModelApplyBoundaryCondition_ViscousSinker]]
Mesh size (16 x 16 x 16) : MG levels 3  
         level [ 0]: global Q2 elements (2 x 8 x 2) 
         level [ 1]: global Q2 elements (4 x 16 x 4) 
         level [ 2]: global Q2 elements (16 x 16 x 16) 
[r   0]: level [ 0]: local Q2 elements  (2 x 8 x 2) 
[r   0]: level [ 1]: local Q2 elements  (4 x 16 x 4) 
[r   0]: level [ 2]: local Q2 elements  (16 x 16 x 16) 
[r   0]: level [ 0]: element range [0 - 1] x [0 - 7] x [0 - 1] 
[r   0]: level [ 1]: element range [0 - 3] x [0 - 15] x [0 - 3] 
[r   0]: level [ 2]: element range [0 - 15] x [0 - 15] x [0 - 15] 
VolumeQuadratureCreate_GaussLegendreStokes:
	Using 3x3 pnt Gauss Legendre quadrature
DataBucketView(SEQ): ("GaussLegendre StokesCoefficients")
  L                  = 864 
  buffer             = 1 
  allocated          = 865 
  nfields registered = 1 
    [  0]: field name  ==>>              QPntVolCoefStokes : Mem. usage = 4.15e-02 (MB) 
  Total mem. usage                                                      = 4.15e-02 (MB) 
VolumeQuadratureCreate_GaussLegendreStokes:
	Using 3x3 pnt Gauss Legendre quadrature
DataBucketView(SEQ): ("GaussLegendre StokesCoefficients")
  L                  = 6912 
  buffer             = 1 
  allocated          = 6913 
  nfields registered = 1 
    [  0]: field name  ==>>              QPntVolCoefStokes : Mem. usage = 3.32e-01 (MB) 
  Total mem. usage                                                      = 3.32e-01 (MB) 
BCList: Mem. usage (min,max) = 4.08e-02,4.08e-02 (MB) 
BCList: Mem. usage (min,max) = 2.57e-01,2.57e-01 (MB) 
[[ModelApplyBoundaryConditionMG_ViscousSinker]]
Level [2]: Coarse grid type :: Re-discretisation :: matrix free operator 
Level [1]: Coarse grid type :: Re-discretisation :: assembled operator 
Level [0]: Coarse grid type :: Galerkin :: assembled operator 
[[ModelInitialCondition_ViscousSinker]]
[[ModelOutput_ViscousSinker]]
  writing pvdfilename pt3dout/timeseries_vp.pvd 
[[DESIGN FLAW]] pTatin3d_ModelOutput_VelocityPressure_Stokes: require better physics modularity to extract (u,p) <---| (X) 
[[DESIGN FLAW]] pTatinOutputMeshVelocityPressureVTS_v0_binary: only printing P0 component of pressure field 
pTatin3d_ModelOutput_VelocityPressure_Stokes() -> icbc_vp.(pvd,pvts,vts): CPU time 1.82e-02 (sec) 
  writing pvdfilename pt3dout/timeseries_mpoints_std.pvd 
pTatin3d_ModelOutput_MPntStd() -> icbc_mpoints_std.(pvd,pvtu,vtu): CPU time 2.62e-02 (sec) 
   [[ COMPUTING FLOW FIELD FOR STEP : 0 ]]
*** Rheology update for RHEOLOGY_VISCOUS selected ***
Update rheology (viscous) [mpoint]: (min,max)_eta 1.00e-03,1.00e+00; log10(max/min) 3.00e+00; cpu time 5.04e-04 (sec)
Update rheology (viscous) [mpoint]: (min,max)_eta 1.00e-03,1.00e+00; log10(max/min) 3.00e+00; cpu time 4.84e-04 (sec)
  0 KSP Component U,V,W,P residual norm [ 0.000000000000e+00, 1.359979191523e-03, 0.000000000000e+00, 0.000000000000e+00 ]
      Residual norms for fieldsplit_u_ solve.
      0 KSP Residual norm 1.000000000000e+00 
      1 KSP Residual norm 8.531066286569e-01 
      2 KSP Residual norm 6.200061476264e-01 
      3 KSP Residual norm 3.449528515979e-01 
      4 KSP Residual norm 1.359902425166e-01 
      5 KSP Residual norm 5.862770993648e-02 
      6 KSP Residual norm 2.906501803129e-02 
      7 KSP Residual norm 8.617623183397e-03 
  1 KSP Component U,V,W,P residual norm [ 9.805966185848e-11, 1.359945532590e-03, 1.066121026404e-10, 6.765671826040e-06 ]
      Residual norms for fieldsplit_u_ solve.
      0 KSP Residual norm 1.032820192734e-02 
      1 KSP Residual norm 1.894913647209e-03 
      2 KSP Residual norm 7.280824361118e-04 
      3 KSP Residual norm 3.323982582214e-04 
      4 KSP Residual norm 1.066211330912e-04 
      5 KSP Residual norm 4.339260833167e-05 
  2 KSP Component U,V,W,P residual norm [ 1.406223956442e-08, 1.357874650474e-03, 1.552665436744e-08, 5.345747881914e-05 ]
      Residual norms for fieldsplit_u_ solve.
      0 KSP Residual norm 1.565812167103e-01 
      1 KSP Residual norm 1.449313456439e-02 
      2 KSP Residual norm 1.944528556120e-03 
      3 KSP Residual norm 6.373671729313e-04 
  3 KSP Component U,V,W,P residual norm [ 1.303727250674e-07, 1.353642869258e-03, 1.327262782859e-07, 9.261237227254e-05 ]
      Residual norms for fieldsplit_u_ solve.
      0 KSP Residual norm 7.111809857490e-01 
      1 KSP Residual norm 7.156578909246e-02 
      2 KSP Residual norm 7.499064908625e-03 
      3 KSP Residual norm 1.760793157096e-03 
  4 KSP Component U,V,W,P residual norm [ 9.060989434789e-07, 1.300260802689e-03, 9.020797244118e-07, 2.786509499545e-04 ]
      Residual norms for fieldsplit_u_ solve.
      0 KSP Residual norm 2.221556389650e+00 
      1 KSP Residual norm 2.262845393811e-01 
      2 KSP Residual norm 2.235483961900e-02 
      3 KSP Residual norm 4.806946689533e-03 
  5 KSP Component U,V,W,P residual norm [ 2.980824277182e-06, 1.059575069390e-03, 3.008735376509e-06, 5.641557286523e-04 ]
      Residual norms for fieldsplit_u_ solve.
      0 KSP Residual norm 2.419873847711e+00 
      1 KSP Residual norm 2.502865149655e-01 
      2 KSP Residual norm 2.179178659163e-02 
  6 KSP Component U,V,W,P residual norm [ 1.747140376662e-05, 7.494401513335e-04, 1.746278647588e-05, 6.758026031901e-04 ]
      Residual norms for fieldsplit_u_ solve.
      0 KSP Residual norm 2.748442959520e+00 
      1 KSP Residual norm 2.720237052668e-01 
      2 KSP Residual norm 2.160301671618e-02 
  7 KSP Component U,V,W,P residual norm [ 2.437623304955e-05, 3.230589307812e-04, 2.442234603061e-05, 5.766889194924e-04 ]
      Residual norms for fieldsplit_u_ solve.
      0 KSP Residual norm 1.139037216507e+00 
      1 KSP Residual norm 5.476681754971e-02 
      2 KSP Residual norm 9.390907718056e-03 
  8 KSP Component U,V,W,P residual norm [ 5.098292246103e-06, 5.430540990749e-05, 5.205165818771e-06, 2.639298855322e-04 ]
      Residual norms for fieldsplit_u_ solve.
      0 KSP Residual norm 1.690569940522e+00 
      1 KSP Residual norm 8.720965988904e-02 
      2 KSP Residual norm 1.622230212606e-02 
  9 KSP Component U,V,W,P residual norm [ 2.880503074157e-06, 1.845928116308e-05, 2.866136334934e-06, 1.555232249131e-04 ]
      Residual norms for fieldsplit_u_ solve.
      0 KSP Residual norm 1.692853792220e+00 
      1 KSP Residual norm 8.475139256927e-02 
      2 KSP Residual norm 1.597400916174e-02 
 10 KSP Component U,V,W,P residual norm [ 3.867030140257e-06, 6.925619374626e-06, 3.879804703505e-06, 9.075890621721e-05 ]
      Residual norms for fieldsplit_u_ solve.
      0 KSP Residual norm 1.189415212598e+00 
      1 KSP Residual norm 7.609392088945e-02 
      2 KSP Residual norm 1.079828214195e-02 
 11 KSP Component U,V,W,P residual norm [ 1.207111059545e-06, 2.918657203941e-06, 1.214507119740e-06, 5.688891233429e-05 ]
      Residual norms for fieldsplit_u_ solve.
      0 KSP Residual norm 1.696612589593e+00 
      1 KSP Residual norm 9.956038770654e-02 
      2 KSP Residual norm 1.071954527458e-02 
 12 KSP Component U,V,W,P residual norm [ 1.933126139910e-06, 1.431849221725e-06, 1.927778687371e-06, 2.781764307790e-05 ]
      Residual norms for fieldsplit_u_ solve.
      0 KSP Residual norm 8.090624769008e-01 
      1 KSP Residual norm 5.929486847117e-02 
      2 KSP Residual norm 9.653452754998e-03 
      3 KSP Residual norm 4.236433426953e-03 
 13 KSP Component U,V,W,P residual norm [ 1.843636908669e-07, 2.523975222548e-07, 2.073268765659e-07, 1.668791430126e-05 ]
      Residual norms for fieldsplit_u_ solve.
      0 KSP Residual norm 1.513760140193e+00 
      1 KSP Residual norm 1.188937331171e-01 
      2 KSP Residual norm 1.354067914598e-02 
 14 KSP Component U,V,W,P residual norm [ 2.493096759726e-07, 2.782177786096e-07, 2.591909529130e-07, 1.178355833542e-05 ]
      Residual norms for fieldsplit_u_ solve.
      0 KSP Residual norm 2.829629283196e+00 
      1 KSP Residual norm 2.301401893154e-01 
      2 KSP Residual norm 2.100726849611e-02 
 15 KSP Component U,V,W,P residual norm [ 1.571695260308e-07, 1.964153683250e-07, 1.518765826025e-07, 6.954989772296e-06 ]
      Residual norms for fieldsplit_u_ solve.
      0 KSP Residual norm 1.908256322955e+00 
      1 KSP Residual norm 1.408878120398e-01 
      2 KSP Residual norm 1.445723745449e-02 
 16 KSP Component U,V,W,P residual norm [ 1.078867568664e-07, 8.344067292435e-08, 1.076090342500e-07, 4.112991532016e-06 ]
      Residual norms for fieldsplit_u_ solve.
      0 KSP Residual norm 1.504592399988e+00 
      1 KSP Residual norm 9.343106410642e-02 
      2 KSP Residual norm 1.313590090859e-02 
 17 KSP Component U,V,W,P residual norm [ 6.777340999000e-08, 8.413448525854e-08, 8.183622300109e-08, 1.807385305171e-06 ]
      Residual norms for fieldsplit_u_ solve.
      0 KSP Residual norm 1.410139926419e+00 
      1 KSP Residual norm 8.370170181410e-02 
      2 KSP Residual norm 2.555971000614e-02 
      3 KSP Residual norm 2.145283224343e-02 
      4 KSP Residual norm 1.828098192287e-02 
      5 KSP Residual norm 1.111888884844e-02 
 18 KSP Component U,V,W,P residual norm [ 3.059613866750e-08, 4.629452837388e-08, 4.437137203337e-08, 1.647503230199e-06 ]
      Residual norms for fieldsplit_u_ solve.
      0 KSP Residual norm 9.026209426291e-01 
      1 KSP Residual norm 4.097213323272e-02 
      2 KSP Residual norm 1.413043908839e-02 
      3 KSP Residual norm 1.094211042900e-02 
      4 KSP Residual norm 9.065741674075e-03 
      5 KSP Residual norm 6.694099412612e-03 
 19 KSP Component U,V,W,P residual norm [ 3.360031730952e-08, 4.501215534478e-08, 4.030037622174e-08, 1.609672570953e-06 ]
      Residual norms for fieldsplit_u_ solve.
      0 KSP Residual norm 8.389780553085e-01 
      1 KSP Residual norm 5.995951621121e-02 
      2 KSP Residual norm 2.507308053426e-02 
      3 KSP Residual norm 2.265968210018e-02 
      4 KSP Residual norm 1.844953408185e-02 
      5 KSP Residual norm 1.037171968173e-02 
      6 KSP Residual norm 5.673268343878e-03 
 20 KSP Component U,V,W,P residual norm [ 1.164900160404e-08, 2.287835612076e-08, 2.150797388635e-08, 9.609351740884e-07 ]
  Linear solve converged due to CONVERGED_RTOL iterations 20
SNES Object: 1 MPI processes
  type: ksponly
  maximum iterations=50, maximum function evaluations=10000
  tolerances: relative=1e-08, absolute=1e-50, solution=1e-08
  total number of linear solver iterations=20
  total number of function evaluations=1
  SNESLineSearch Object:   1 MPI processes
    type: basic
    maxstep=1.000000e+08, minlambda=1.000000e-12
    tolerances: relative=1.000000e-08, absolute=1.000000e-15, lambda=1.000000e-08
    maximum iterations=1
  KSP Object:   1 MPI processes
    type: fgmres
      GMRES: restart=30, using Classical (unmodified) Gram-Schmidt Orthogonalization with no iterative refinement
      GMRES: happy breakdown tolerance 1e-30
    maximum iterations=10000
    tolerances:  relative=0.001, absolute=1e-50, divergence=10000
    right preconditioning
    using nonzero initial guess
    using UNPRECONDITIONED norm type for convergence test
  PC Object:   1 MPI processes
    type: fieldsplit
      FieldSplit with Schur preconditioner, factorization UPPER
      Preconditioner for the Schur complement formed from A11
      Split info:
      Split number 0 Defined by IS
      Split number 1 Defined by IS
      KSP solver for A00 block
        KSP Object:        (fieldsplit_u_)         1 MPI processes
          type: fgmres
            GMRES: restart=30, using Classical (unmodified) Gram-Schmidt Orthogonalization with no iterative refinement
            GMRES: happy breakdown tolerance 1e-30
          maximum iterations=10000, initial guess is zero
          tolerances:  relative=0.01, absolute=1e-50, divergence=10000
          right preconditioning
          using UNPRECONDITIONED norm type for convergence test
        PC Object:        (fieldsplit_u_)         1 MPI processes
          type: mg
            MG: type is MULTIPLICATIVE, levels=3 cycles=v
              Cycles per PCApply=1
              Not using Galerkin computed coarse grid matrices
          Coarse grid solver -- level -------------------------------
            KSP Object:            (fieldsplit_u_mg_coarse_)             1 MPI processes
              type: preonly
              maximum iterations=1, initial guess is zero
              tolerances:  relative=1e-05, absolute=1e-50, divergence=10000
              left preconditioning
              using NONE norm type for convergence test
            PC Object:            (fieldsplit_u_mg_coarse_)             1 MPI processes
              type: lu
                LU: out-of-place factorization
                tolerance for zero pivot 2.22045e-14
                using diagonal shift on blocks to prevent zero pivot [INBLOCKS]
                matrix ordering: nd
                factor fill ratio given 5, needed 2.14015
                  Factored matrix follows:
                    Mat Object:                     1 MPI processes
                      type: seqaij
                      rows=1275, cols=1275, bs=3
                      package used to perform factorization: petsc
                      total: nonzeros=549315, allocated nonzeros=549315
                      total number of mallocs used during MatSetValues calls =0
                        using I-node routines: found 380 nodes, limit used is 5
              linear system matrix = precond matrix:
              Mat Object:               1 MPI processes
                type: seqaij
                rows=1275, cols=1275, bs=3
                total: nonzeros=256671, allocated nonzeros=0
                total number of mallocs used during MatSetValues calls =0
                  has attached near null space
                  using I-node routines: found 425 nodes, limit used is 5
          Down solver (pre-smoother) on level 1 -------------------------------
            KSP Object:            (fieldsplit_u_mg_levels_1_)             1 MPI processes
              type: gmres
                GMRES: restart=30, using Classical (unmodified) Gram-Schmidt Orthogonalization with no iterative refinement
                GMRES: happy breakdown tolerance 1e-30
              maximum iterations=2
              tolerances:  relative=1e-05, absolute=1e-50, divergence=10000
              left preconditioning
              using nonzero initial guess
              using NONE norm type for convergence test
            PC Object:            (fieldsplit_u_mg_levels_1_)             1 MPI processes
              type: bjacobi
                block Jacobi: number of blocks = 1
                Local solve is same for all blocks, in the following KSP and PC objects:
                KSP Object:                (fieldsplit_u_mg_levels_1_sub_)                 1 MPI processes
                  type: preonly
                  maximum iterations=10000, initial guess is zero
                  tolerances:  relative=1e-05, absolute=1e-50, divergence=10000
                  left preconditioning
                  using NONE norm type for convergence test
                PC Object:                (fieldsplit_u_mg_levels_1_sub_)                 1 MPI processes
                  type: ilu
                    ILU: out-of-place factorization
                    0 levels of fill
                    tolerance for zero pivot 2.22045e-14
                    using diagonal shift on blocks to prevent zero pivot [INBLOCKS]
                    matrix ordering: natural
                    factor fill ratio given 1, needed 1
                      Factored matrix follows:
                        Mat Object:                         1 MPI processes
                          type: seqaij
                          rows=8019, cols=8019, bs=3
                          package used to perform factorization: petsc
                          total: nonzeros=2.17655e+06, allocated nonzeros=2.17655e+06
                          total number of mallocs used during MatSetValues calls =0
                            using I-node routines: found 2673 nodes, limit used is 5
                  linear system matrix = precond matrix:
                  Mat Object:                  (Buu_)                   1 MPI processes
                    type: seqaij
                    rows=8019, cols=8019, bs=3
                    total: nonzeros=2.17655e+06, allocated nonzeros=2.17655e+06
                    total number of mallocs used during MatSetValues calls =0
                      has attached near null space
                      using I-node routines: found 2673 nodes, limit used is 5
              linear system matrix = precond matrix:
              Mat Object:              (Buu_)               1 MPI processes
                type: seqaij
                rows=8019, cols=8019, bs=3
                total: nonzeros=2.17655e+06, allocated nonzeros=2.17655e+06
                total number of mallocs used during MatSetValues calls =0
                  has attached near null space
                  using I-node routines: found 2673 nodes, limit used is 5
          Up solver (post-smoother) same as down solver (pre-smoother)
          Down solver (pre-smoother) on level 2 -------------------------------
            KSP Object:            (fieldsplit_u_mg_levels_2_)             1 MPI processes
              type: chebyshev
                Chebyshev: eigenvalue estimates:  min = 0.494002, max = 2.71701
                Chebyshev: estimated using:  [0 0.2; 0 1.1]
                KSP Object:                (fieldsplit_u_mg_levels_2_est_)                 1 MPI processes
                  type: gmres
                    GMRES: restart=30, using Classical (unmodified) Gram-Schmidt Orthogonalization with no iterative refinement
                    GMRES: happy breakdown tolerance 1e-30
                  maximum iterations=10, initial guess is zero
                  tolerances:  relative=1e-05, absolute=1e-50, divergence=10000
                  left preconditioning
                  using NONE norm type for convergence test
                PC Object:                (fieldsplit_u_mg_levels_2_)                 1 MPI processes
                  type: jacobi
                  linear system matrix = precond matrix:
                  Mat Object:                  (fieldsplit_u_)                   1 MPI processes
                    type: shell
                    rows=107811, cols=107811, bs=3
              maximum iterations=10
              tolerances:  relative=1e-05, absolute=1e-50, divergence=10000
              left preconditioning
              using nonzero initial guess
              using NONE norm type for convergence test
            PC Object:            (fieldsplit_u_mg_levels_2_)             1 MPI processes
              type: jacobi
              linear system matrix = precond matrix:
              Mat Object:              (fieldsplit_u_)               1 MPI processes
                type: shell
                rows=107811, cols=107811, bs=3
          Up solver (post-smoother) same as down solver (pre-smoother)
          linear system matrix = precond matrix:
          Mat Object:          (fieldsplit_u_)           1 MPI processes
            type: shell
            rows=107811, cols=107811, bs=3
      KSP solver for S = A11 - A10 inv(A00) A01 
        KSP Object:        (fieldsplit_p_)         1 MPI processes
          type: preonly
          maximum iterations=10000, initial guess is zero
          tolerances:  relative=1e-05, absolute=1e-50, divergence=10000
          left preconditioning
          using NONE norm type for convergence test
        PC Object:        (fieldsplit_p_)         1 MPI processes
          type: jacobi
          linear system matrix followed by preconditioner matrix:
          Mat Object:          (fieldsplit_p_)           1 MPI processes
            type: schurcomplement
            rows=16384, cols=16384
              Schur complement A11 - A10 inv(A00) A01
              A11
                Mat Object:                (fieldsplit_p_)                 1 MPI processes
                  type: seqsbaij
                  rows=16384, cols=16384, bs=4
                  total: nonzeros=65536, allocated nonzeros=65536
                  total number of mallocs used during MatSetValues calls =0
                      block size is 4
              A10
                Mat Object:                (Bpu_)                 1 MPI processes
                  type: shell
                  rows=16384, cols=107811
              KSP of A00
                KSP Object:                (fieldsplit_u_)                 1 MPI processes
                  type: fgmres
                    GMRES: restart=30, using Classical (unmodified) Gram-Schmidt Orthogonalization with no iterative refinement
                    GMRES: happy breakdown tolerance 1e-30
                  maximum iterations=10000, initial guess is zero
                  tolerances:  relative=0.01, absolute=1e-50, divergence=10000
                  right preconditioning
                  using UNPRECONDITIONED norm type for convergence test
                PC Object:                (fieldsplit_u_)                 1 MPI processes
                  type: mg
                    MG: type is MULTIPLICATIVE, levels=3 cycles=v
                      Cycles per PCApply=1
                      Not using Galerkin computed coarse grid matrices
                  Coarse grid solver -- level -------------------------------
                    KSP Object:                    (fieldsplit_u_mg_coarse_)                     1 MPI processes
                      type: preonly
                      maximum iterations=1, initial guess is zero
                      tolerances:  relative=1e-05, absolute=1e-50, divergence=10000
                      left preconditioning
                      using NONE norm type for convergence test
                    PC Object:                    (fieldsplit_u_mg_coarse_)                     1 MPI processes
                      type: lu
                        LU: out-of-place factorization
                        tolerance for zero pivot 2.22045e-14
                        using diagonal shift on blocks to prevent zero pivot [INBLOCKS]
                        matrix ordering: nd
                        factor fill ratio given 5, needed 2.14015
                          Factored matrix follows:
                            Mat Object:                             1 MPI processes
                              type: seqaij
                              rows=1275, cols=1275, bs=3
                              package used to perform factorization: petsc
                              total: nonzeros=549315, allocated nonzeros=549315
                              total number of mallocs used during MatSetValues calls =0
                                using I-node routines: found 380 nodes, limit used is 5
                      linear system matrix = precond matrix:
                      Mat Object:                       1 MPI processes
                        type: seqaij
                        rows=1275, cols=1275, bs=3
                        total: nonzeros=256671, allocated nonzeros=0
                        total number of mallocs used during MatSetValues calls =0
                          has attached near null space
                          using I-node routines: found 425 nodes, limit used is 5
                  Down solver (pre-smoother) on level 1 -------------------------------
                    KSP Object:                    (fieldsplit_u_mg_levels_1_)                     1 MPI processes
                      type: gmres
                        GMRES: restart=30, using Classical (unmodified) Gram-Schmidt Orthogonalization with no iterative refinement
                        GMRES: happy breakdown tolerance 1e-30
                      maximum iterations=2
                      tolerances:  relative=1e-05, absolute=1e-50, divergence=10000
                      left preconditioning
                      using nonzero initial guess
                      using NONE norm type for convergence test
                    PC Object:                    (fieldsplit_u_mg_levels_1_)                     1 MPI processes
                      type: bjacobi
                        block Jacobi: number of blocks = 1
                        Local solve is same for all blocks, in the following KSP and PC objects:
                        KSP Object:                        (fieldsplit_u_mg_levels_1_sub_)                         1 MPI processes
                          type: preonly
                          maximum iterations=10000, initial guess is zero
                          tolerances:  relative=1e-05, absolute=1e-50, divergence=10000
                          left preconditioning
                          using NONE norm type for convergence test
                        PC Object:                        (fieldsplit_u_mg_levels_1_sub_)                         1 MPI processes
                          type: ilu
                            ILU: out-of-place factorization
                            0 levels of fill
                            tolerance for zero pivot 2.22045e-14
                            using diagonal shift on blocks to prevent zero pivot [INBLOCKS]
                            matrix ordering: natural
                            factor fill ratio given 1, needed 1
                              Factored matrix follows:
                                Mat Object:                                 1 MPI processes
                                  type: seqaij
                                  rows=8019, cols=8019, bs=3
                                  package used to perform factorization: petsc
                                  total: nonzeros=2.17655e+06, allocated nonzeros=2.17655e+06
                                  total number of mallocs used during MatSetValues calls =0
                                    using I-node routines: found 2673 nodes, limit used is 5
                          linear system matrix = precond matrix:
                          Mat Object:                          (Buu_)                           1 MPI processes
                            type: seqaij
                            rows=8019, cols=8019, bs=3
                            total: nonzeros=2.17655e+06, allocated nonzeros=2.17655e+06
                            total number of mallocs used during MatSetValues calls =0
                              has attached near null space
                              using I-node routines: found 2673 nodes, limit used is 5
                      linear system matrix = precond matrix:
                      Mat Object:                      (Buu_)                       1 MPI processes
                        type: seqaij
                        rows=8019, cols=8019, bs=3
                        total: nonzeros=2.17655e+06, allocated nonzeros=2.17655e+06
                        total number of mallocs used during MatSetValues calls =0
                          has attached near null space
                          using I-node routines: found 2673 nodes, limit used is 5
                  Up solver (post-smoother) same as down solver (pre-smoother)
                  Down solver (pre-smoother) on level 2 -------------------------------
                    KSP Object:                    (fieldsplit_u_mg_levels_2_)                     1 MPI processes
                      type: chebyshev
                        Chebyshev: eigenvalue estimates:  min = 0.494002, max = 2.71701
                        Chebyshev: estimated using:  [0 0.2; 0 1.1]
                        KSP Object:                        (fieldsplit_u_mg_levels_2_est_)                         1 MPI processes
                          type: gmres
                            GMRES: restart=30, using Classical (unmodified) Gram-Schmidt Orthogonalization with no iterative refinement
                            GMRES: happy breakdown tolerance 1e-30
                          maximum iterations=10, initial guess is zero
                          tolerances:  relative=1e-05, absolute=1e-50, divergence=10000
                          left preconditioning
                          using NONE norm type for convergence test
                        PC Object:                        (fieldsplit_u_mg_levels_2_)                         1 MPI processes
                          type: jacobi
                          linear system matrix = precond matrix:
                          Mat Object:                          (fieldsplit_u_)                           1 MPI processes
                            type: shell
                            rows=107811, cols=107811, bs=3
                      maximum iterations=10
                      tolerances:  relative=1e-05, absolute=1e-50, divergence=10000
                      left preconditioning
                      using nonzero initial guess
                      using NONE norm type for convergence test
                    PC Object:                    (fieldsplit_u_mg_levels_2_)                     1 MPI processes
                      type: jacobi
                      linear system matrix = precond matrix:
                      Mat Object:                      (fieldsplit_u_)                       1 MPI processes
                        type: shell
                        rows=107811, cols=107811, bs=3
                  Up solver (post-smoother) same as down solver (pre-smoother)
                  linear system matrix = precond matrix:
                  Mat Object:                  (fieldsplit_u_)                   1 MPI processes
                    type: shell
                    rows=107811, cols=107811, bs=3
              A01
                Mat Object:                (Bup_)                 1 MPI processes
                  type: shell
                  rows=107811, cols=16384
          Mat Object:          (fieldsplit_p_)           1 MPI processes
            type: seqsbaij
            rows=16384, cols=16384, bs=4
            total: nonzeros=65536, allocated nonzeros=65536
            total number of mallocs used during MatSetValues calls =0
                block size is 4
    linear system matrix followed by preconditioner matrix:
    Mat Object:    (stokes_Amf_)     1 MPI processes
      type: shell
      rows=124195, cols=124195
    Mat Object:     1 MPI processes
      type: nest
      rows=124195, cols=124195
        Matrix object: 
          type=nest, rows=2, cols=2 
          MatNest structure: 
          (0,0) : prefix="fieldsplit_u_", type=shell, rows=107811, cols=107811 
          (0,1) : prefix="Bup_", type=shell, rows=107811, cols=16384 
          (1,0) : prefix="Bpu_", type=shell, rows=16384, cols=107811 
          (1,1) : prefix="fieldsplit_p_", type=seqsbaij, rows=16384, cols=16384 
Update rheology (viscous) [mpoint]: (min,max)_eta 1.00e-03,1.00e+00; log10(max/min) 3.00e+00; cpu time 4.94e-04 (sec)
[[ModelOutput_ViscousSinker]]
[[DESIGN FLAW]] pTatin3d_ModelOutput_VelocityPressure_Stokes: require better physics modularity to extract (u,p) <---| (X) 
[[DESIGN FLAW]] pTatinOutputMeshVelocityPressureVTS_v0_binary: only printing P0 component of pressure field 
pTatin3d_ModelOutput_VelocityPressure_Stokes() -> step000000_vp.(pvd,pvts,vts): CPU time 6.00e-02 (sec) 
pTatin3d_ModelOutput_MPntStd() -> step000000_mpoints_std.(pvd,pvtu,vtu): CPU time 4.20e-02 (sec) 
  TimeStep control(StkCourant): | current = 1.0000e+30 : trial = 2.2571e-02 [accepted] | ==>> dt used = 2.2571e-02 |
  TimeStep control(StkSurfaceCourant): | current = 2.2571e-02 : trial = 5.9487e+31 | ==>> dt used = 2.2571e-02 |
  timestep[] dt_courant = 2.2571e-02 
