** ====================================================================================== 
**
**             ___________                          _______
**     _______/          /_____ ________ __ _   ___/       \ ____
**    /      /___    ___/      /__   __/  /  \ /  /\__ _   /     \
**   /  //  /   /   /  /  //  /  /  / /  /    /  /___/_   /  //  /
**  /  ___ /   /   /  /  _   /  /  / /  /  /    //       /  //  /
** /__/       /___/  /__//__/  /__/ /__/__/ \__//_______/______/
**
** Authors:  Dave A. May          (dave.may@erdw.ethz.ch)           
**           Laetitia Le Pourhiet (laetitia.le_pourhiet@upmc.fr)    
**
** Repository UUID: 26174531-3d5a-4d31-aba0-7a6658d032cb 
** Revision: 5040 
** Log: r5040 | dmay | 2013-12-17 21:03:16 +0100 (Tue, 17 Dec 2013) | 1 line 
**                                                                       
** TATIN_CFLAGS = -std=gnu99 -O2 -Wno-unused-variable -Wstrict-aliasing -fstrict-aliasing -funroll-loops
**                                                                       
** ====================================================================================== 
RheologyConstantsInitialise: global viscosity cut-off, min= 1.000000e-100, max = 1.000000e+100  
[pTatin] Writing output to existing directory: pt3dout 
[pTatin] Created log file: pt3dout/ptatin.log-2014.07.21_00:03:20 
[pTatin] Writing output to existing directory: pt3dout 
[pTatin] Created options file: pt3dout/ptatin.options-2014.07.21_00:03:20 
[pTatin] Created options file: pt3dout/ptatin.options 
  [pTatinModel]: Registering model [0] with name "template"
  [pTatinModel]: Registering model [1] with name "viscous_sinker"
  [pTatinModel]: Registering model [2] with name "Gene3D"
  [pTatinModel]: Registering model [3] with name "Gene3DNueve"
  [pTatinModel]: Registering model [4] with name "indentor"
  [pTatinModel]: Registering model [5] with name "rift3D"
  [pTatinModel]: Registering model [6] with name "rift3D_T"
  [pTatinModel]: Registering model [7] with name "sierra"
  [pTatinModel]: Registering model [8] with name "folding"
  [pTatinModel]: Registering model [9] with name "folding2d"
  [pTatinModel]: Registering model [10] with name "advdiff_example"
  [pTatinModel]: Registering model [11] with name "basin_comp"
  [pTatinModel]: Registering model [12] with name "fault_fold"
  [pTatinModel]: Registering model [13] with name "wrench_fold"
  [pTatinModel]: Registering model [14] with name "delamination"
  [pTatinModel]: Registering model [15] with name "Riftrh"
  [pTatinModel]: Registering model [16] with name "geomod2008"
  [pTatinModel]: Registering model [17] with name "fault_fold_plastic"
  [pTatinModel]: Registering model [18] with name "multilayer_folding"
  [pTatinModel]: Registering model [19] with name "submarinelavaflow"
  [pTatinModel]: Registering model [20] with name "ex_subduction"
  [pTatinModel]: Registering model [21] with name "iplus"
[[pTatinModelRegister_Subduction_Initiation2d]]
  [pTatinModel]: Registering model [22] with name "subduction_initiation2d"
[[pTatinModelRegister_Thermal_Convection2d]]
  [pTatinModel]: Registering model [23] with name "convection2d"
  [pTatinModel]: Registering model [24] with name "pd"
  [pTatinModel]: -ptatin_model "viscous_sinker" was detected
pTatin3dRestart: Required to specify a suffix for your restart file via -restart_prefix
pTatin3dRestart: Unable to restart job
[[ModelInitialize_ViscousSinker]]
BCList: Mem. usage (min,max) = 4.72e-01,4.72e-01 (MB) 
VolumeQuadratureCreate_GaussLegendreStokes:
	Using 3x3 pnt Gauss Legendre quadrature
DataBucketView(SEQ): ("GaussLegendre StokesCoefficients")
  L                  = 13824 
  buffer             = 1 
  allocated          = 13825 
  nfields registered = 1 
    [  0]: field name  ==>>              QPntVolCoefStokes : Mem. usage = 6.64e-01 (MB) 
  Total mem. usage                                                      = 6.64e-01 (MB) 
DataBucketView(SEQ): ("SurfaceGaussLegendre StokesCoefficients[face 0]")
  L                  = 576 
  buffer             = 1 
  allocated          = 577 
  nfields registered = 1 
    [  0]: field name  ==>>             QPntSurfCoefStokes : Mem. usage = 6.46e-02 (MB) 
  Total mem. usage                                                      = 6.46e-02 (MB) 
DataBucketView(SEQ): ("SurfaceGaussLegendre StokesCoefficients[face 1]")
  L                  = 576 
  buffer             = 1 
  allocated          = 577 
  nfields registered = 1 
    [  0]: field name  ==>>             QPntSurfCoefStokes : Mem. usage = 6.46e-02 (MB) 
  Total mem. usage                                                      = 6.46e-02 (MB) 
DataBucketView(SEQ): ("SurfaceGaussLegendre StokesCoefficients[face 2]")
  L                  = 576 
  buffer             = 1 
  allocated          = 577 
  nfields registered = 1 
    [  0]: field name  ==>>             QPntSurfCoefStokes : Mem. usage = 6.46e-02 (MB) 
  Total mem. usage                                                      = 6.46e-02 (MB) 
DataBucketView(SEQ): ("SurfaceGaussLegendre StokesCoefficients[face 3]")
  L                  = 576 
  buffer             = 1 
  allocated          = 577 
  nfields registered = 1 
    [  0]: field name  ==>>             QPntSurfCoefStokes : Mem. usage = 6.46e-02 (MB) 
  Total mem. usage                                                      = 6.46e-02 (MB) 
DataBucketView(SEQ): ("SurfaceGaussLegendre StokesCoefficients[face 4]")
  L                  = 576 
  buffer             = 1 
  allocated          = 577 
  nfields registered = 1 
    [  0]: field name  ==>>             QPntSurfCoefStokes : Mem. usage = 6.46e-02 (MB) 
  Total mem. usage                                                      = 6.46e-02 (MB) 
DataBucketView(SEQ): ("SurfaceGaussLegendre StokesCoefficients[face 5]")
  L                  = 576 
  buffer             = 1 
  allocated          = 577 
  nfields registered = 1 
    [  0]: field name  ==>>             QPntSurfCoefStokes : Mem. usage = 6.46e-02 (MB) 
  Total mem. usage                                                      = 6.46e-02 (MB) 
  MaterialPointsStokes: Using Q1 projection
[[Swarm initialization: 0.0005 (sec)]]
SwarmMPntStd_AssignUniquePointIdentifiers : max_pid = 0 
[[Swarm->coordinate assignment: 4096 points : 0.0009 (sec)]]
************************** Starting _DataExCompleteCommunicationMap ************************** 
max_nnz = 0 
Mat Object: 1 MPI processes
  type: seqaij
  rows=1, cols=1
  total: nonzeros=0, allocated nonzeros=0
  total number of mallocs used during MatSetValues calls =0
    not using I-node routines
************************** Ending _DataExCompleteCommunicationMap [setup time: 2.4089e-02 (sec)] ************************** 
[[SwarmDMDA3dDataExchangerCreate: time = 2.4152e-02 (sec)]]
[[ModelApplyInitialMeshGeometry_ViscousSinker]]
RUNNING DEFORMED MESH EXAMPLE 
[[ViscousSinker_ApplyInitialMaterialGeometry_SingleInclusion]]
[[ModelApplyBoundaryCondition_ViscousSinker]]
Mesh size (8 x 8 x 8) : MG levels 3  
         level [ 0]: global Q2 elements (2 x 2 x 2) 
         level [ 1]: global Q2 elements (4 x 4 x 4) 
         level [ 2]: global Q2 elements (8 x 8 x 8) 
[r   0]: level [ 0]: local Q2 elements  (2 x 2 x 2) 
[r   0]: level [ 1]: local Q2 elements  (4 x 4 x 4) 
[r   0]: level [ 2]: local Q2 elements  (8 x 8 x 8) 
[r   0]: level [ 0]: element range [0 - 1] x [0 - 1] x [0 - 1] 
[r   0]: level [ 1]: element range [0 - 3] x [0 - 3] x [0 - 3] 
[r   0]: level [ 2]: element range [0 - 7] x [0 - 7] x [0 - 7] 
VolumeQuadratureCreate_GaussLegendreStokes:
	Using 3x3 pnt Gauss Legendre quadrature
DataBucketView(SEQ): ("GaussLegendre StokesCoefficients")
  L                  = 216 
  buffer             = 1 
  allocated          = 217 
  nfields registered = 1 
    [  0]: field name  ==>>              QPntVolCoefStokes : Mem. usage = 1.04e-02 (MB) 
  Total mem. usage                                                      = 1.04e-02 (MB) 
VolumeQuadratureCreate_GaussLegendreStokes:
	Using 3x3 pnt Gauss Legendre quadrature
DataBucketView(SEQ): ("GaussLegendre StokesCoefficients")
  L                  = 1728 
  buffer             = 1 
  allocated          = 1729 
  nfields registered = 1 
    [  0]: field name  ==>>              QPntVolCoefStokes : Mem. usage = 8.30e-02 (MB) 
  Total mem. usage                                                      = 8.30e-02 (MB) 
BCList: Mem. usage (min,max) = 1.20e-02,1.20e-02 (MB) 
BCList: Mem. usage (min,max) = 7.00e-02,7.00e-02 (MB) 
[[ModelApplyBoundaryConditionMG_ViscousSinker]]
Level [2]: Coarse grid type :: Re-discretisation :: assembled operator 
Level [1]: Coarse grid type :: Galerkin :: assembled operator 
Level [0]: Coarse grid type :: Galerkin :: assembled operator 
[[ModelInitialCondition_ViscousSinker]]
[[ModelOutput_ViscousSinker]]
  writing pvdfilename pt3dout/timeseries_vp.pvd 
[[DESIGN FLAW]] pTatin3d_ModelOutput_VelocityPressure_Stokes: require better physics modularity to extract (u,p) <---| (X) 
[[DESIGN FLAW]] pTatinOutputMeshVelocityPressureVTS_v0_binary: only printing P0 component of pressure field 
pTatin3d_ModelOutput_VelocityPressure_Stokes() -> icbc_vp.(pvd,pvts,vts): CPU time 2.10e-03 (sec) 
  writing pvdfilename pt3dout/timeseries_mpoints_std.pvd 
pTatin3d_ModelOutput_MPntStd() -> icbc_mpoints_std.(pvd,pvtu,vtu): CPU time 7.47e-03 (sec) 
   [[ COMPUTING FLOW FIELD FOR STEP : 0 ]]
*** Rheology update for RHEOLOGY_VISCOUS selected ***
Update rheology (viscous) [mpoint]: (min,max)_eta 1.00e-03,1.00e+00; log10(max/min) 3.00e+00; cpu time 5.53e-05 (sec)
Update rheology (viscous) [mpoint]: (min,max)_eta 1.00e-03,1.00e+00; log10(max/min) 3.00e+00; cpu time 2.74e-05 (sec)
  0 KSP Component U,V,W,P residual norm [ 0.000000000000e+00, 3.238783915315e-03, 0.000000000000e+00, 0.000000000000e+00 ]
      Residual norms for fieldsplit_u_ solve.
      0 KSP Residual norm 1.000000000000e+00 
      1 KSP Residual norm 3.640056829796e-01 
      2 KSP Residual norm 6.931379656803e-03 
  1 KSP Component U,V,W,P residual norm [ 1.855448336538e-10, 3.238695172096e-03, 2.347630377288e-10, 1.695323672810e-05 ]
      Residual norms for fieldsplit_u_ solve.
      0 KSP Residual norm 9.163032220663e-03 
      1 KSP Residual norm 1.510609854020e-03 
      2 KSP Residual norm 3.120723212205e-04 
      3 KSP Residual norm 9.729309322326e-06 
  2 KSP Component U,V,W,P residual norm [ 7.213128193477e-09, 3.235762032122e-03, 1.143917663488e-08, 9.888424824162e-05 ]
      Residual norms for fieldsplit_u_ solve.
      0 KSP Residual norm 1.091159906657e-01 
      1 KSP Residual norm 8.854513423023e-04 
  3 KSP Component U,V,W,P residual norm [ 1.678440138690e-07, 3.229966301263e-03, 1.613308940966e-07, 1.687616360947e-04 ]
      Residual norms for fieldsplit_u_ solve.
      0 KSP Residual norm 3.801576403314e-01 
      1 KSP Residual norm 2.941351789596e-03 
  4 KSP Component U,V,W,P residual norm [ 1.404415295696e-06, 3.215532457508e-03, 1.358677468891e-06, 2.734194148977e-04 ]
      Residual norms for fieldsplit_u_ solve.
      0 KSP Residual norm 9.805830641126e-01 
      1 KSP Residual norm 9.792161301872e-03 
  5 KSP Component U,V,W,P residual norm [ 5.157424490757e-06, 3.126921722327e-03, 5.067399517453e-06, 5.913231789761e-04 ]
      Residual norms for fieldsplit_u_ solve.
      0 KSP Residual norm 1.276077958303e+00 
      1 KSP Residual norm 1.286336062240e-02 
      2 KSP Residual norm 4.270381105534e-03 
  6 KSP Component U,V,W,P residual norm [ 5.485933669098e-06, 2.945469278620e-03, 5.345723506783e-06, 9.294176370751e-04 ]
      Residual norms for fieldsplit_u_ solve.
      0 KSP Residual norm 1.047237310039e+00 
      1 KSP Residual norm 5.866458194424e-03 
  7 KSP Component U,V,W,P residual norm [ 1.482806559302e-05, 2.110227473614e-03, 1.417416951683e-05, 1.542930416178e-03 ]
      Residual norms for fieldsplit_u_ solve.
      0 KSP Residual norm 7.429183406350e-01 
      1 KSP Residual norm 7.799759374995e-03 
      2 KSP Residual norm 3.684821972322e-03 
  8 KSP Component U,V,W,P residual norm [ 5.116838484907e-06, 8.829914405829e-04, 4.967219090047e-06, 1.442132712686e-03 ]
      Residual norms for fieldsplit_u_ solve.
      0 KSP Residual norm 7.371871356508e-01 
      1 KSP Residual norm 7.652946218902e-03 
      2 KSP Residual norm 1.122485727037e-03 
  9 KSP Component U,V,W,P residual norm [ 9.305210041263e-06, 3.243988705395e-04, 8.917578853867e-06, 9.717044719868e-04 ]
      Residual norms for fieldsplit_u_ solve.
      0 KSP Residual norm 5.931206383178e-01 
      1 KSP Residual norm 6.956813990669e-03 
      2 KSP Residual norm 3.945675973617e-03 
 10 KSP Component U,V,W,P residual norm [ 1.677639023148e-06, 8.688495173260e-05, 1.717293959238e-06, 5.229487054371e-04 ]
      Residual norms for fieldsplit_u_ solve.
      0 KSP Residual norm 4.822770194262e-01 
      1 KSP Residual norm 5.100754046690e-03 
      2 KSP Residual norm 1.169274185712e-03 
 11 KSP Component U,V,W,P residual norm [ 5.208318923731e-07, 2.389656610254e-05, 5.676013220848e-07, 2.766004419051e-04 ]
      Residual norms for fieldsplit_u_ solve.
      0 KSP Residual norm 4.280609434293e-01 
      1 KSP Residual norm 5.058193489597e-03 
      2 KSP Residual norm 2.066418282319e-03 
 12 KSP Component U,V,W,P residual norm [ 1.173993575144e-06, 6.765913766015e-06, 1.153972920082e-06, 1.439363087749e-04 ]
      Residual norms for fieldsplit_u_ solve.
      0 KSP Residual norm 4.612678498327e-01 
      1 KSP Residual norm 5.015366364723e-03 
      2 KSP Residual norm 2.823034978414e-03 
 13 KSP Component U,V,W,P residual norm [ 4.572637297301e-07, 1.823732370300e-06, 3.128132911090e-07, 7.517322212604e-05 ]
      Residual norms for fieldsplit_u_ solve.
      0 KSP Residual norm 2.877329162428e-01 
      1 KSP Residual norm 7.035607010122e-03 
      2 KSP Residual norm 4.525975907337e-03 
      3 KSP Residual norm 1.532976740154e-03 
 14 KSP Component U,V,W,P residual norm [ 1.644430363123e-07, 5.605558778513e-07, 3.901279303159e-08, 4.231349340141e-05 ]
      Residual norms for fieldsplit_u_ solve.
      0 KSP Residual norm 2.218653200420e-01 
      1 KSP Residual norm 2.775208941648e-03 
      2 KSP Residual norm 1.446143579749e-03 
 15 KSP Component U,V,W,P residual norm [ 1.294767675888e-07, 3.023515722485e-07, 1.231495348298e-07, 2.552264723357e-05 ]
      Residual norms for fieldsplit_u_ solve.
      0 KSP Residual norm 3.536996064707e-01 
      1 KSP Residual norm 5.154851782778e-03 
      2 KSP Residual norm 3.270766467560e-03 
 16 KSP Component U,V,W,P residual norm [ 6.451690136611e-08, 1.037451432440e-07, 2.750899061125e-08, 1.466225472425e-05 ]
      Residual norms for fieldsplit_u_ solve.
      0 KSP Residual norm 3.535530579819e-01 
      1 KSP Residual norm 6.133131002434e-03 
      2 KSP Residual norm 3.974964320842e-03 
      3 KSP Residual norm 1.340263377869e-03 
 17 KSP Component U,V,W,P residual norm [ 5.003739815434e-08, 4.704426362242e-08, 3.488035004488e-08, 7.836406688851e-06 ]
      Residual norms for fieldsplit_u_ solve.
      0 KSP Residual norm 3.235472248065e-01 
      1 KSP Residual norm 5.187770097366e-03 
      2 KSP Residual norm 2.878003455431e-03 
 18 KSP Component U,V,W,P residual norm [ 1.779107716548e-08, 3.313153735702e-08, 2.153173508264e-08, 4.217037540387e-06 ]
      Residual norms for fieldsplit_u_ solve.
      0 KSP Residual norm 3.269912254000e-01 
      1 KSP Residual norm 5.896130850521e-03 
      2 KSP Residual norm 2.718991351731e-03 
 19 KSP Component U,V,W,P residual norm [ 1.536922408475e-08, 2.697465093736e-08, 1.631765947134e-08, 2.875575032175e-06 ]
  Linear solve converged due to CONVERGED_RTOL iterations 19
SNES Object: 1 MPI processes
  type: ksponly
  maximum iterations=50, maximum function evaluations=10000
  tolerances: relative=1e-08, absolute=1e-50, solution=1e-08
  total number of linear solver iterations=19
  total number of function evaluations=1
  SNESLineSearch Object:   1 MPI processes
    type: basic
    maxstep=1.000000e+08, minlambda=1.000000e-12
    tolerances: relative=1.000000e-08, absolute=1.000000e-15, lambda=1.000000e-08
    maximum iterations=1
  KSP Object:   1 MPI processes
    type: fgmres
      GMRES: restart=30, using Classical (unmodified) Gram-Schmidt Orthogonalization with no iterative refinement
      GMRES: happy breakdown tolerance 1e-30
    maximum iterations=10000
    tolerances:  relative=0.001, absolute=1e-50, divergence=10000
    right preconditioning
    using nonzero initial guess
    using UNPRECONDITIONED norm type for convergence test
  PC Object:   1 MPI processes
    type: fieldsplit
      FieldSplit with Schur preconditioner, factorization UPPER
      Preconditioner for the Schur complement formed from A11
      Split info:
      Split number 0 Defined by IS
      Split number 1 Defined by IS
      KSP solver for A00 block
        KSP Object:        (fieldsplit_u_)         1 MPI processes
          type: fgmres
            GMRES: restart=30, using Classical (unmodified) Gram-Schmidt Orthogonalization with no iterative refinement
            GMRES: happy breakdown tolerance 1e-30
          maximum iterations=10000, initial guess is zero
          tolerances:  relative=0.01, absolute=1e-50, divergence=10000
          right preconditioning
          using UNPRECONDITIONED norm type for convergence test
        PC Object:        (fieldsplit_u_)         1 MPI processes
          type: mg
            MG: type is MULTIPLICATIVE, levels=3 cycles=v
              Cycles per PCApply=1
              Not using Galerkin computed coarse grid matrices
          Coarse grid solver -- level -------------------------------
            KSP Object:            (fieldsplit_u_mg_coarse_)             1 MPI processes
              type: preonly
              maximum iterations=1, initial guess is zero
              tolerances:  relative=1e-05, absolute=1e-50, divergence=10000
              left preconditioning
              using NONE norm type for convergence test
            PC Object:            (fieldsplit_u_mg_coarse_)             1 MPI processes
              type: lu
                LU: out-of-place factorization
                tolerance for zero pivot 2.22045e-14
                using diagonal shift on blocks to prevent zero pivot [INBLOCKS]
                matrix ordering: nd
                factor fill ratio given 5, needed 1.50824
                  Factored matrix follows:
                    Mat Object:                     1 MPI processes
                      type: seqaij
                      rows=375, cols=375, bs=3
                      package used to perform factorization: petsc
                      total: nonzeros=93105, allocated nonzeros=93105
                      total number of mallocs used during MatSetValues calls =0
                        using I-node routines: found 118 nodes, limit used is 5
              linear system matrix = precond matrix:
              Mat Object:               1 MPI processes
                type: seqaij
                rows=375, cols=375, bs=3
                total: nonzeros=61731, allocated nonzeros=0
                total number of mallocs used during MatSetValues calls =0
                  has attached near null space
                  using I-node routines: found 125 nodes, limit used is 5
          Down solver (pre-smoother) on level 1 -------------------------------
            KSP Object:            (fieldsplit_u_mg_levels_1_)             1 MPI processes
              type: chebyshev
                Chebyshev: eigenvalue estimates:  min = 0.51703, max = 2.84367
                Chebyshev: estimated using:  [0 0.2; 0 1.1]
                KSP Object:                (fieldsplit_u_mg_levels_1_est_)                 1 MPI processes
                  type: gmres
                    GMRES: restart=30, using Classical (unmodified) Gram-Schmidt Orthogonalization with no iterative refinement
                    GMRES: happy breakdown tolerance 1e-30
                  maximum iterations=10, initial guess is zero
                  tolerances:  relative=1e-05, absolute=1e-50, divergence=10000
                  left preconditioning
                  using NONE norm type for convergence test
                PC Object:                (fieldsplit_u_mg_levels_1_)                 1 MPI processes
                  type: jacobi
                  linear system matrix = precond matrix:
                  Mat Object:                   1 MPI processes
                    type: seqaij
                    rows=2187, cols=2187, bs=3
                    total: nonzeros=533871, allocated nonzeros=0
                    total number of mallocs used during MatSetValues calls =0
                      has attached near null space
                      using I-node routines: found 729 nodes, limit used is 5
              maximum iterations=10
              tolerances:  relative=1e-05, absolute=1e-50, divergence=10000
              left preconditioning
              using nonzero initial guess
              using NONE norm type for convergence test
            PC Object:            (fieldsplit_u_mg_levels_1_)             1 MPI processes
              type: jacobi
              linear system matrix = precond matrix:
              Mat Object:               1 MPI processes
                type: seqaij
                rows=2187, cols=2187, bs=3
                total: nonzeros=533871, allocated nonzeros=0
                total number of mallocs used during MatSetValues calls =0
                  has attached near null space
                  using I-node routines: found 729 nodes, limit used is 5
          Up solver (post-smoother) same as down solver (pre-smoother)
          Down solver (pre-smoother) on level 2 -------------------------------
            KSP Object:            (fieldsplit_u_mg_levels_2_)             1 MPI processes
              type: chebyshev
                Chebyshev: eigenvalue estimates:  min = 0.540462, max = 2.97254
                Chebyshev: estimated using:  [0 0.2; 0 1.1]
                KSP Object:                (fieldsplit_u_mg_levels_2_est_)                 1 MPI processes
                  type: gmres
                    GMRES: restart=30, using Classical (unmodified) Gram-Schmidt Orthogonalization with no iterative refinement
                    GMRES: happy breakdown tolerance 1e-30
                  maximum iterations=10, initial guess is zero
                  tolerances:  relative=1e-05, absolute=1e-50, divergence=10000
                  left preconditioning
                  using NONE norm type for convergence test
                PC Object:                (fieldsplit_u_mg_levels_2_)                 1 MPI processes
                  type: jacobi
                  linear system matrix = precond matrix:
                  Mat Object:                  (fieldsplit_u_)                   1 MPI processes
                    type: seqaij
                    rows=14739, cols=14739, bs=3
                    total: nonzeros=4.43735e+06, allocated nonzeros=4.43735e+06
                    total number of mallocs used during MatSetValues calls =0
                      has attached near null space
                      using I-node routines: found 4913 nodes, limit used is 5
              maximum iterations=10
              tolerances:  relative=1e-05, absolute=1e-50, divergence=10000
              left preconditioning
              using nonzero initial guess
              using NONE norm type for convergence test
            PC Object:            (fieldsplit_u_mg_levels_2_)             1 MPI processes
              type: jacobi
              linear system matrix = precond matrix:
              Mat Object:              (fieldsplit_u_)               1 MPI processes
                type: seqaij
                rows=14739, cols=14739, bs=3
                total: nonzeros=4.43735e+06, allocated nonzeros=4.43735e+06
                total number of mallocs used during MatSetValues calls =0
                  has attached near null space
                  using I-node routines: found 4913 nodes, limit used is 5
          Up solver (post-smoother) same as down solver (pre-smoother)
          linear system matrix = precond matrix:
          Mat Object:          (fieldsplit_u_)           1 MPI processes
            type: seqaij
            rows=14739, cols=14739, bs=3
            total: nonzeros=4.43735e+06, allocated nonzeros=4.43735e+06
            total number of mallocs used during MatSetValues calls =0
              has attached near null space
              using I-node routines: found 4913 nodes, limit used is 5
      KSP solver for S = A11 - A10 inv(A00) A01 
        KSP Object:        (fieldsplit_p_)         1 MPI processes
          type: preonly
          maximum iterations=10000, initial guess is zero
          tolerances:  relative=1e-05, absolute=1e-50, divergence=10000
          left preconditioning
          using NONE norm type for convergence test
        PC Object:        (fieldsplit_p_)         1 MPI processes
          type: jacobi
          linear system matrix followed by preconditioner matrix:
          Mat Object:          (fieldsplit_p_)           1 MPI processes
            type: schurcomplement
            rows=2048, cols=2048
              Schur complement A11 - A10 inv(A00) A01
              A11
                Mat Object:                (fieldsplit_p_)                 1 MPI processes
                  type: seqsbaij
                  rows=2048, cols=2048, bs=4
                  total: nonzeros=8192, allocated nonzeros=8192
                  total number of mallocs used during MatSetValues calls =0
                      block size is 4
              A10
                Mat Object:                (Bpu_)                 1 MPI processes
                  type: shell
                  rows=2048, cols=14739
              KSP of A00
                KSP Object:                (fieldsplit_u_)                 1 MPI processes
                  type: fgmres
                    GMRES: restart=30, using Classical (unmodified) Gram-Schmidt Orthogonalization with no iterative refinement
                    GMRES: happy breakdown tolerance 1e-30
                  maximum iterations=10000, initial guess is zero
                  tolerances:  relative=0.01, absolute=1e-50, divergence=10000
                  right preconditioning
                  using UNPRECONDITIONED norm type for convergence test
                PC Object:                (fieldsplit_u_)                 1 MPI processes
                  type: mg
                    MG: type is MULTIPLICATIVE, levels=3 cycles=v
                      Cycles per PCApply=1
                      Not using Galerkin computed coarse grid matrices
                  Coarse grid solver -- level -------------------------------
                    KSP Object:                    (fieldsplit_u_mg_coarse_)                     1 MPI processes
                      type: preonly
                      maximum iterations=1, initial guess is zero
                      tolerances:  relative=1e-05, absolute=1e-50, divergence=10000
                      left preconditioning
                      using NONE norm type for convergence test
                    PC Object:                    (fieldsplit_u_mg_coarse_)                     1 MPI processes
                      type: lu
                        LU: out-of-place factorization
                        tolerance for zero pivot 2.22045e-14
                        using diagonal shift on blocks to prevent zero pivot [INBLOCKS]
                        matrix ordering: nd
                        factor fill ratio given 5, needed 1.50824
                          Factored matrix follows:
                            Mat Object:                             1 MPI processes
                              type: seqaij
                              rows=375, cols=375, bs=3
                              package used to perform factorization: petsc
                              total: nonzeros=93105, allocated nonzeros=93105
                              total number of mallocs used during MatSetValues calls =0
                                using I-node routines: found 118 nodes, limit used is 5
                      linear system matrix = precond matrix:
                      Mat Object:                       1 MPI processes
                        type: seqaij
                        rows=375, cols=375, bs=3
                        total: nonzeros=61731, allocated nonzeros=0
                        total number of mallocs used during MatSetValues calls =0
                          has attached near null space
                          using I-node routines: found 125 nodes, limit used is 5
                  Down solver (pre-smoother) on level 1 -------------------------------
                    KSP Object:                    (fieldsplit_u_mg_levels_1_)                     1 MPI processes
                      type: chebyshev
                        Chebyshev: eigenvalue estimates:  min = 0.51703, max = 2.84367
                        Chebyshev: estimated using:  [0 0.2; 0 1.1]
                        KSP Object:                        (fieldsplit_u_mg_levels_1_est_)                         1 MPI processes
                          type: gmres
                            GMRES: restart=30, using Classical (unmodified) Gram-Schmidt Orthogonalization with no iterative refinement
                            GMRES: happy breakdown tolerance 1e-30
                          maximum iterations=10, initial guess is zero
                          tolerances:  relative=1e-05, absolute=1e-50, divergence=10000
                          left preconditioning
                          using NONE norm type for convergence test
                        PC Object:                        (fieldsplit_u_mg_levels_1_)                         1 MPI processes
                          type: jacobi
                          linear system matrix = precond matrix:
                          Mat Object:                           1 MPI processes
                            type: seqaij
                            rows=2187, cols=2187, bs=3
                            total: nonzeros=533871, allocated nonzeros=0
                            total number of mallocs used during MatSetValues calls =0
                              has attached near null space
                              using I-node routines: found 729 nodes, limit used is 5
                      maximum iterations=10
                      tolerances:  relative=1e-05, absolute=1e-50, divergence=10000
                      left preconditioning
                      using nonzero initial guess
                      using NONE norm type for convergence test
                    PC Object:                    (fieldsplit_u_mg_levels_1_)                     1 MPI processes
                      type: jacobi
                      linear system matrix = precond matrix:
                      Mat Object:                       1 MPI processes
                        type: seqaij
                        rows=2187, cols=2187, bs=3
                        total: nonzeros=533871, allocated nonzeros=0
                        total number of mallocs used during MatSetValues calls =0
                          has attached near null space
                          using I-node routines: found 729 nodes, limit used is 5
                  Up solver (post-smoother) same as down solver (pre-smoother)
                  Down solver (pre-smoother) on level 2 -------------------------------
                    KSP Object:                    (fieldsplit_u_mg_levels_2_)                     1 MPI processes
                      type: chebyshev
                        Chebyshev: eigenvalue estimates:  min = 0.540462, max = 2.97254
                        Chebyshev: estimated using:  [0 0.2; 0 1.1]
                        KSP Object:                        (fieldsplit_u_mg_levels_2_est_)                         1 MPI processes
                          type: gmres
                            GMRES: restart=30, using Classical (unmodified) Gram-Schmidt Orthogonalization with no iterative refinement
                            GMRES: happy breakdown tolerance 1e-30
                          maximum iterations=10, initial guess is zero
                          tolerances:  relative=1e-05, absolute=1e-50, divergence=10000
                          left preconditioning
                          using NONE norm type for convergence test
                        PC Object:                        (fieldsplit_u_mg_levels_2_)                         1 MPI processes
                          type: jacobi
                          linear system matrix = precond matrix:
                          Mat Object:                          (fieldsplit_u_)                           1 MPI processes
                            type: seqaij
                            rows=14739, cols=14739, bs=3
                            total: nonzeros=4.43735e+06, allocated nonzeros=4.43735e+06
                            total number of mallocs used during MatSetValues calls =0
                              has attached near null space
                              using I-node routines: found 4913 nodes, limit used is 5
                      maximum iterations=10
                      tolerances:  relative=1e-05, absolute=1e-50, divergence=10000
                      left preconditioning
                      using nonzero initial guess
                      using NONE norm type for convergence test
                    PC Object:                    (fieldsplit_u_mg_levels_2_)                     1 MPI processes
                      type: jacobi
                      linear system matrix = precond matrix:
                      Mat Object:                      (fieldsplit_u_)                       1 MPI processes
                        type: seqaij
                        rows=14739, cols=14739, bs=3
                        total: nonzeros=4.43735e+06, allocated nonzeros=4.43735e+06
                        total number of mallocs used during MatSetValues calls =0
                          has attached near null space
                          using I-node routines: found 4913 nodes, limit used is 5
                  Up solver (post-smoother) same as down solver (pre-smoother)
                  linear system matrix = precond matrix:
                  Mat Object:                  (fieldsplit_u_)                   1 MPI processes
                    type: seqaij
                    rows=14739, cols=14739, bs=3
                    total: nonzeros=4.43735e+06, allocated nonzeros=4.43735e+06
                    total number of mallocs used during MatSetValues calls =0
                      has attached near null space
                      using I-node routines: found 4913 nodes, limit used is 5
              A01
                Mat Object:                (Bup_)                 1 MPI processes
                  type: shell
                  rows=14739, cols=2048
          Mat Object:          (fieldsplit_p_)           1 MPI processes
            type: seqsbaij
            rows=2048, cols=2048, bs=4
            total: nonzeros=8192, allocated nonzeros=8192
            total number of mallocs used during MatSetValues calls =0
                block size is 4
    linear system matrix followed by preconditioner matrix:
    Mat Object:    (stokes_Amf_)     1 MPI processes
      type: shell
      rows=16787, cols=16787
    Mat Object:     1 MPI processes
      type: nest
      rows=16787, cols=16787
        Matrix object: 
          type=nest, rows=2, cols=2 
          MatNest structure: 
          (0,0) : prefix="fieldsplit_u_", type=seqaij, rows=14739, cols=14739 
          (0,1) : prefix="Bup_", type=shell, rows=14739, cols=2048 
          (1,0) : prefix="Bpu_", type=shell, rows=2048, cols=14739 
          (1,1) : prefix="fieldsplit_p_", type=seqsbaij, rows=2048, cols=2048 
pTatinViewBasicStokesSolutionResiduals:
Update rheology (viscous) [mpoint]: (min,max)_eta 1.00e-03,1.00e+00; log10(max/min) 3.00e+00; cpu time 3.34e-05 (sec)
  Field         min          max          norm_2       norm_1 
        Fu      -3.0540e-09  +3.0680e-09  +3.5073e-08  +1.4099e-06 
        Fp      -3.5916e-07  +3.6325e-07  +2.8756e-06  +7.3253e-05 
        FX      -3.5916e-07  +3.6325e-07  +2.8758e-06  +7.4663e-05 
pTatinViewBasicStokesSolution:
  Field         min          max          norm_2       norm_1 
  velocity      -5.8463e-01  +1.9056e+00  +4.4322e+01  +3.2206e+03 
  pressure      -6.0744e-02  +8.5714e-02  +1.0456e+00  +2.8269e+01 
         X      -5.8463e-01  +1.9056e+00  +4.4334e+01  +3.2489e+03 
[[ModelOutput_ViscousSinker]]
[[DESIGN FLAW]] pTatin3d_ModelOutput_VelocityPressure_Stokes: require better physics modularity to extract (u,p) <---| (X) 
[[DESIGN FLAW]] pTatinOutputMeshVelocityPressureVTS_v0_binary: only printing P0 component of pressure field 
pTatin3d_ModelOutput_VelocityPressure_Stokes() -> step000000_vp.(pvd,pvts,vts): CPU time 1.68e-03 (sec) 
pTatin3d_ModelOutput_MPntStd() -> step000000_mpoints_std.(pvd,pvtu,vtu): CPU time 2.55e-03 (sec) 
  TimeStep control(StkCourant): | current = 1.0000e+30 : trial = 7.9143e-02 [accepted] | ==>> dt used = 7.9143e-02 |
  timestep[] dt_courant = 7.9143e-02 
