** ====================================================================================== 
**
**             ___________                          _______
**     _______/          /_____ ________ __ _   ___/       \ ____
**    /      /___    ___/      /__   __/  /  \ /  /\__ _   /     \
**   /  //  /   /   /  /  //  /  /  / /  /    /  /___/_   /  //  /
**  /  ___ /   /   /  /  _   /  /  / /  /  /    //       /  //  /
** /__/       /___/  /__//__/  /__/ /__/__/ \__//_______/______/
**
** Authors:  Dave A. May          (dave.may@erdw.ethz.ch)           
**           Laetitia Le Pourhiet (laetitia.le_pourhiet@upmc.fr)    
**
** Repository UUID: 26174531-3d5a-4d31-aba0-7a6658d032cb 
** Revision: 5040 
** Log: r5040 | dmay | 2013-12-17 21:03:16 +0100 (Tue, 17 Dec 2013) | 1 line 
**                                                                       
** TATIN_CFLAGS = -std=gnu99 -O0 -g -Wall -Wno-switch -Wno-unused-function -Wno-incompatible-pointer-types-discards-qualifiers -Wno-tautological-constant-out-of-range-compare -Wno-enum-conversion -Wno-type-safety
**                                                                       
** WARNING pTatin3d appears to have been compiled with debug options 
** For significant performance improvements, please consult the file makefile.arch  
** Adjust TATIN_CFLAGS to include aggressive compiler optimizations 
**                                                                       
** ====================================================================================== 
RheologyConstantsInitialise: global viscosity cut-off, min= 1.000000e-100, max = 1.000000e+100  
[pTatin] Writing output to existing directory: pt3dout 
[pTatin] Created log file: pt3dout/ptatin.log-2014.09.04_16:47:52 
[pTatin] Writing output to existing directory: pt3dout 
[pTatin] Created options file: pt3dout/ptatin.options-2014.09.04_16:47:52 
[pTatin] Created options file: pt3dout/ptatin.options 
  [pTatinModel]: Registering model [0] with name "template"
  [pTatinModel]: Registering model [1] with name "viscous_sinker"
  [pTatinModel]: Registering model [2] with name "Gene3D"
  [pTatinModel]: Registering model [3] with name "Gene3DNueve"
  [pTatinModel]: Registering model [4] with name "indentor"
  [pTatinModel]: Registering model [5] with name "rift3D"
  [pTatinModel]: Registering model [6] with name "rift3D_T"
  [pTatinModel]: Registering model [7] with name "sierra"
  [pTatinModel]: Registering model [8] with name "folding"
  [pTatinModel]: Registering model [9] with name "folding2d"
  [pTatinModel]: Registering model [10] with name "advdiff_example"
  [pTatinModel]: Registering model [11] with name "basin_comp"
  [pTatinModel]: Registering model [12] with name "fault_fold"
  [pTatinModel]: Registering model [13] with name "wrench_fold"
  [pTatinModel]: Registering model [14] with name "delamination"
  [pTatinModel]: Registering model [15] with name "Riftrh"
  [pTatinModel]: Registering model [16] with name "geomod2008"
  [pTatinModel]: Registering model [17] with name "fault_fold_plastic"
  [pTatinModel]: Registering model [18] with name "multilayer_folding"
  [pTatinModel]: Registering model [19] with name "submarinelavaflow"
  [pTatinModel]: Registering model [20] with name "ex_subduction"
  [pTatinModel]: Registering model [21] with name "iplus"
[[pTatinModelRegister_Subduction_Initiation2d]]
  [pTatinModel]: Registering model [22] with name "subduction_initiation2d"
[[pTatinModelRegister_Thermal_Convection2d]]
  [pTatinModel]: Registering model [23] with name "convection2d"
  [pTatinModel]: -ptatin_model "viscous_sinker" was detected
[[ModelInitialize_ViscousSinker]]
BCList: Mem. usage (min,max) = 4.72e-01,4.72e-01 (MB) 
VolumeQuadratureCreate_GaussLegendreStokes:
	Using 3x3 pnt Gauss Legendre quadrature
DataBucketView(SEQ): ("GaussLegendre StokesCoefficients")
  L                  = 13824 
  buffer             = 1 
  allocated          = 13825 
  nfields registered = 1 
    [  0]: field name  ==>>              QPntVolCoefStokes : Mem. usage = 6.64e-01 (MB) 
  Total mem. usage                                                      = 6.64e-01 (MB) 
DataBucketView(SEQ): ("SurfaceGaussLegendre StokesCoefficients[face 0]")
  L                  = 576 
  buffer             = 1 
  allocated          = 577 
  nfields registered = 1 
    [  0]: field name  ==>>             QPntSurfCoefStokes : Mem. usage = 6.46e-02 (MB) 
  Total mem. usage                                                      = 6.46e-02 (MB) 
DataBucketView(SEQ): ("SurfaceGaussLegendre StokesCoefficients[face 1]")
  L                  = 576 
  buffer             = 1 
  allocated          = 577 
  nfields registered = 1 
    [  0]: field name  ==>>             QPntSurfCoefStokes : Mem. usage = 6.46e-02 (MB) 
  Total mem. usage                                                      = 6.46e-02 (MB) 
DataBucketView(SEQ): ("SurfaceGaussLegendre StokesCoefficients[face 2]")
  L                  = 576 
  buffer             = 1 
  allocated          = 577 
  nfields registered = 1 
    [  0]: field name  ==>>             QPntSurfCoefStokes : Mem. usage = 6.46e-02 (MB) 
  Total mem. usage                                                      = 6.46e-02 (MB) 
DataBucketView(SEQ): ("SurfaceGaussLegendre StokesCoefficients[face 3]")
  L                  = 576 
  buffer             = 1 
  allocated          = 577 
  nfields registered = 1 
    [  0]: field name  ==>>             QPntSurfCoefStokes : Mem. usage = 6.46e-02 (MB) 
  Total mem. usage                                                      = 6.46e-02 (MB) 
DataBucketView(SEQ): ("SurfaceGaussLegendre StokesCoefficients[face 4]")
  L                  = 576 
  buffer             = 1 
  allocated          = 577 
  nfields registered = 1 
    [  0]: field name  ==>>             QPntSurfCoefStokes : Mem. usage = 6.46e-02 (MB) 
  Total mem. usage                                                      = 6.46e-02 (MB) 
DataBucketView(SEQ): ("SurfaceGaussLegendre StokesCoefficients[face 5]")
  L                  = 576 
  buffer             = 1 
  allocated          = 577 
  nfields registered = 1 
    [  0]: field name  ==>>             QPntSurfCoefStokes : Mem. usage = 6.46e-02 (MB) 
  Total mem. usage                                                      = 6.46e-02 (MB) 
  MaterialPointsStokes: Using Q1 projection
[[Swarm initialization: 0.0003 (sec)]]
SwarmMPntStd_AssignUniquePointIdentifiers : max_pid = 0 
[[Swarm->coordinate assignment: 4096 points : 0.0013 (sec)]]
************************** Starting _DataExCompleteCommunicationMap ************************** 
max_nnz = 0 
Mat Object: 1 MPI processes
  type: seqaij
  rows=1, cols=1
  total: nonzeros=0, allocated nonzeros=0
  total number of mallocs used during MatSetValues calls =0
    not using I-node routines
************************** Ending _DataExCompleteCommunicationMap [setup time: 7.4548e-04 (sec)] ************************** 
[[SwarmDMDA3dDataExchangerCreate: time = 7.7881e-04 (sec)]]
[[ModelApplyInitialMeshGeometry_ViscousSinker]]
RUNNING DEFORMED MESH EXAMPLE 
[[ViscousSinker_ApplyInitialMaterialGeometry_SingleInclusion]]
[[ModelApplyBoundaryCondition_ViscousSinker]]



====================================================================

+  Test [perform_viscous_solve]: Mesh 8 x 8 x 8 
MatAssemblyA11(ASM):                time 1.2554e+00 (sec): ratio 1.0000e+02%: min/max 1.2554e+00 1.2554e+00 (sec)
KSPSetUpA11:                        time 8.1194e-01 (sec): ratio 1.0000e+02%: min/max 8.1194e-01 8.1194e-01 (sec)
  0 KSP Residual norm 6.108644629256e+04 
  1 KSP Residual norm 2.627688393416e+04 
  2 KSP Residual norm 2.034586017245e+04 
  3 KSP Residual norm 1.166682022481e+04 
  4 KSP Residual norm 5.094928106910e+03 
  5 KSP Residual norm 2.397254366941e+03 
  6 KSP Residual norm 9.173100007020e+02 
  7 KSP Residual norm 2.866291276680e+02 
  8 KSP Residual norm 9.558370990257e+01 
  9 KSP Residual norm 4.818903551812e+01 
 10 KSP Residual norm 2.712254113764e+01 
 11 KSP Residual norm 1.517046087911e+01 
 12 KSP Residual norm 5.514749208866e+00 
 13 KSP Residual norm 1.183948765608e+00 
 14 KSP Residual norm 3.833484540612e-01 
 15 KSP Residual norm 1.763619098654e-01 
 16 KSP Residual norm 8.467724664105e-02 
 17 KSP Residual norm 3.229701589921e-02 
 18 KSP Residual norm 1.516436933358e-02 
 19 KSP Residual norm 8.343857691554e-03 
 20 KSP Residual norm 4.571697989869e-03 
 21 KSP Residual norm 1.774456054119e-03 
 22 KSP Residual norm 6.960580920786e-04 
 23 KSP Residual norm 2.434027803485e-04 
 24 KSP Residual norm 8.849717263708e-05 
 25 KSP Residual norm 2.397193041307e-05 
 26 KSP Residual norm 5.180935435246e-06 
 27 KSP Residual norm 1.446380813424e-06 
 28 KSP Residual norm 3.780900594687e-07 
 29 KSP Residual norm 1.149888506716e-07 
 30 KSP Residual norm 2.598108244986e-08 
KSPSolveA11(its = 30,cycles = 5)   time 3.5870e+00 (sec): ratio 1.0000e+02%: min/max 3.5870e+00 3.5870e+00 (sec)
KSPSolveA11: average                time 7.1740e-01 (sec): ratio 1.0000e+02%: min/max 7.1740e-01 7.1740e-01 (sec)
KSP Object: 1 MPI processes
  type: gmres
    GMRES: restart=30, using Classical (unmodified) Gram-Schmidt Orthogonalization with no iterative refinement
    GMRES: happy breakdown tolerance 1e-30
  maximum iterations=30, initial guess is zero
  tolerances:  relative=1e-20, absolute=1e-50, divergence=10000
  left preconditioning
  using PRECONDITIONED norm type for convergence test
PC Object: 1 MPI processes
  type: ilu
    ILU: out-of-place factorization
    0 levels of fill
    tolerance for zero pivot 2.22045e-14
    matrix ordering: natural
    factor fill ratio given 1, needed 1
      Factored matrix follows:
        Mat Object:         1 MPI processes
          type: seqaij
          rows=14739, cols=14739, bs=3
          package used to perform factorization: petsc
          total: nonzeros=4.43735e+06, allocated nonzeros=4.43735e+06
          total number of mallocs used during MatSetValues calls =0
            using I-node routines: found 4913 nodes, limit used is 5
  linear system matrix = precond matrix:
  Mat Object:   1 MPI processes
    type: seqaij
    rows=14739, cols=14739, bs=3
    total: nonzeros=4.43735e+06, allocated nonzeros=4.43735e+06
    total number of mallocs used during MatSetValues calls =0
      using I-node routines: found 4913 nodes, limit used is 5



====================================================================
