** ====================================================================================== 
**
**             ___________                          _______
**     _______/          /_____ ________ __ _   ___/       \ ____
**    /      /___    ___/      /__   __/  /  \ /  /\__ _   /     \
**   /  //  /   /   /  /  //  /  /  / /  /    /  /___/_   /  //  /
**  /  ___ /   /   /  /  _   /  /  / /  /  /    //       /  //  /
** /__/       /___/  /__//__/  /__/ /__/__/ \__//_______/______/
**
** Authors:  Dave A. May          (dave.may@erdw.ethz.ch)           
**           Laetitia Le Pourhiet (laetitia.le_pourhiet@upmc.fr)    
**
** Repository UUID: 26174531-3d5a-4d31-aba0-7a6658d032cb 
** Revision: 5040 
** Log: r5040 | dmay | 2013-12-17 21:03:16 +0100 (Tue, 17 Dec 2013) | 1 line 
**                                                                       
** TATIN_CFLAGS = -std=gnu99 -O0 -g -Wall -Wno-switch -Wno-unused-function -Wno-incompatible-pointer-types-discards-qualifiers -Wno-tautological-constant-out-of-range-compare -Wno-enum-conversion -Wno-type-safety
**                                                                       
** WARNING pTatin3d appears to have been compiled with debug options 
** For significant performance improvements, please consult the file makefile.arch  
** Adjust TATIN_CFLAGS to include aggressive compiler optimizations 
**                                                                       
** ====================================================================================== 
RheologyConstantsInitialise: global viscosity cut-off, min= 1.000000e-100, max = 1.000000e+100  
[pTatin] Writing output to existing directory: pt3dout 
[pTatin] Created log file: pt3dout/ptatin.log-2014.09.04_16:47:42 
[pTatin] Writing output to existing directory: pt3dout 
[pTatin] Created options file: pt3dout/ptatin.options-2014.09.04_16:47:42 
[pTatin] Created options file: pt3dout/ptatin.options 
  [pTatinModel]: Registering model [0] with name "template"
  [pTatinModel]: Registering model [1] with name "viscous_sinker"
  [pTatinModel]: Registering model [2] with name "Gene3D"
  [pTatinModel]: Registering model [3] with name "Gene3DNueve"
  [pTatinModel]: Registering model [4] with name "indentor"
  [pTatinModel]: Registering model [5] with name "rift3D"
  [pTatinModel]: Registering model [6] with name "rift3D_T"
  [pTatinModel]: Registering model [7] with name "sierra"
  [pTatinModel]: Registering model [8] with name "folding"
  [pTatinModel]: Registering model [9] with name "folding2d"
  [pTatinModel]: Registering model [10] with name "advdiff_example"
  [pTatinModel]: Registering model [11] with name "basin_comp"
  [pTatinModel]: Registering model [12] with name "fault_fold"
  [pTatinModel]: Registering model [13] with name "wrench_fold"
  [pTatinModel]: Registering model [14] with name "delamination"
  [pTatinModel]: Registering model [15] with name "Riftrh"
  [pTatinModel]: Registering model [16] with name "geomod2008"
  [pTatinModel]: Registering model [17] with name "fault_fold_plastic"
  [pTatinModel]: Registering model [18] with name "multilayer_folding"
  [pTatinModel]: Registering model [19] with name "submarinelavaflow"
  [pTatinModel]: Registering model [20] with name "ex_subduction"
  [pTatinModel]: Registering model [21] with name "iplus"
[[pTatinModelRegister_Subduction_Initiation2d]]
  [pTatinModel]: Registering model [22] with name "subduction_initiation2d"
[[pTatinModelRegister_Thermal_Convection2d]]
  [pTatinModel]: Registering model [23] with name "convection2d"
  [pTatinModel]: -ptatin_model "viscous_sinker" was detected
[[ModelInitialize_ViscousSinker]]
BCList: Mem. usage (min,max) = 7.13e-01,7.13e-01 (MB) 
VolumeQuadratureCreate_GaussLegendreStokes:
	Using 3x3 pnt Gauss Legendre quadrature
DataBucketView(SEQ): ("GaussLegendre StokesCoefficients")
  L                  = 21384 
  buffer             = 1 
  allocated          = 21385 
  nfields registered = 1 
    [  0]: field name  ==>>              QPntVolCoefStokes : Mem. usage = 1.03e+00 (MB) 
  Total mem. usage                                                      = 1.03e+00 (MB) 
DataBucketView(SEQ): ("SurfaceGaussLegendre StokesCoefficients[face 0]")
  L                  = 891 
  buffer             = 1 
  allocated          = 892 
  nfields registered = 1 
    [  0]: field name  ==>>             QPntSurfCoefStokes : Mem. usage = 9.99e-02 (MB) 
  Total mem. usage                                                      = 9.99e-02 (MB) 
DataBucketView(SEQ): ("SurfaceGaussLegendre StokesCoefficients[face 1]")
  L                  = 891 
  buffer             = 1 
  allocated          = 892 
  nfields registered = 1 
    [  0]: field name  ==>>             QPntSurfCoefStokes : Mem. usage = 9.99e-02 (MB) 
  Total mem. usage                                                      = 9.99e-02 (MB) 
DataBucketView(SEQ): ("SurfaceGaussLegendre StokesCoefficients[face 2]")
  L                  = 792 
  buffer             = 1 
  allocated          = 793 
  nfields registered = 1 
    [  0]: field name  ==>>             QPntSurfCoefStokes : Mem. usage = 8.88e-02 (MB) 
  Total mem. usage                                                      = 8.88e-02 (MB) 
DataBucketView(SEQ): ("SurfaceGaussLegendre StokesCoefficients[face 3]")
  L                  = 792 
  buffer             = 1 
  allocated          = 793 
  nfields registered = 1 
    [  0]: field name  ==>>             QPntSurfCoefStokes : Mem. usage = 8.88e-02 (MB) 
  Total mem. usage                                                      = 8.88e-02 (MB) 
DataBucketView(SEQ): ("SurfaceGaussLegendre StokesCoefficients[face 4]")
  L                  = 648 
  buffer             = 1 
  allocated          = 649 
  nfields registered = 1 
    [  0]: field name  ==>>             QPntSurfCoefStokes : Mem. usage = 7.27e-02 (MB) 
  Total mem. usage                                                      = 7.27e-02 (MB) 
DataBucketView(SEQ): ("SurfaceGaussLegendre StokesCoefficients[face 5]")
  L                  = 648 
  buffer             = 1 
  allocated          = 649 
  nfields registered = 1 
    [  0]: field name  ==>>             QPntSurfCoefStokes : Mem. usage = 7.27e-02 (MB) 
  Total mem. usage                                                      = 7.27e-02 (MB) 
  MaterialPointsStokes: Using Q1 projection
[[Swarm initialization: 0.0003 (sec)]]
SwarmMPntStd_AssignUniquePointIdentifiers : max_pid = 0 
[[Swarm->coordinate assignment: 6336 points : 0.0021 (sec)]]
************************** Starting _DataExCompleteCommunicationMap ************************** 
max_nnz = 0 
Mat Object: 1 MPI processes
  type: seqaij
  rows=1, cols=1
  total: nonzeros=0, allocated nonzeros=0
  total number of mallocs used during MatSetValues calls =0
    not using I-node routines
************************** Ending _DataExCompleteCommunicationMap [setup time: 6.8140e-04 (sec)] ************************** 
[[SwarmDMDA3dDataExchangerCreate: time = 7.1201e-04 (sec)]]
[[ModelApplyInitialMeshGeometry_ViscousSinker]]
RUNNING DEFORMED MESH EXAMPLE 
[[ViscousSinker_ApplyInitialMaterialGeometry_SingleInclusion]]
[[ModelApplyBoundaryCondition_ViscousSinker]]



====================================================================

+  Test [compare_mf_A11]: Mesh 8 x 9 x 11 
MatMultA11(MF):      time 2.6271e-02 (sec): ratio 1.0000e+02%: min/max 2.6271e-02 2.6271e-02 (sec)
MatAssemblyA11(ASM): time 1.9244e+00 (sec): ratio 1.0000e+02%: min/max 1.9244e+00 1.9244e+00 (sec)
MatMultA11(ASM):     time 1.6311e-02 (sec): ratio 1.0000e+02%: min/max 1.6311e-02 1.6311e-02 (sec)
  y.y    = +5.71903034e+04 [mfo]
  y2.y2  = +5.71903034e+04 [asm]
  min[A11_mfo.x-A11_asm.x]  = -3.97858829e-15 
  max[A11_mfo.x-A11_asm.x]  = +5.30597701e-15 

+  Test [compare_mf_A21]: Mesh 8 x 9 x 11 
StokesA21Preallocation_basic: using nnz = 81 and onnz = 30 
  y.y    = +2.08663233e+00 [mfo]
  y2.y2  = +2.08663233e+00 [asm]
  min[A21_mfo.x-A21_asm.x]  = -1.24900090e-16 
  max[A21_mfo.x-A21_asm.x]  = +9.71445147e-17 

+  Test [compare_mf_A12]: Mesh 8 x 9 x 11 
StokesA12Preallocation_basic: using nnz = 32 and onnz = 16 
  y.y    = +2.46117948e+00 [mfo]
  y2.y2  = +2.46117948e+00 [asm]
  min[A12_mfo.x-A12_asm.x]  = -2.08166817e-17 
  max[A12_mfo.x-A12_asm.x]  = +2.08166817e-17 

+  Test [compare_mf_A]: Mesh 8 x 9 x 11 
  y.y    = +8.99396315e+02 [mfo]
  y2.y2  = +8.99396315e+02 [asm]
  min[A_mfo.x-A_asm.x]  = -2.77555756e-16 
  max[A_mfo.x-A_asm.x]  = +2.22044605e-16 

+  Test [compare_mf_diagA11]: Mesh 8 x 9 x 11 
  y.y    = +4.66458445e+03 [mfo]
  y2.y2  = +4.66458445e+03 [asm]
  min[diagA11_mfo-diagA11_asm]  = -6.66133815e-16 
  max[diagA11_mfo-diagA11_asm]  = +5.55111512e-16 



====================================================================
